// 重构日志: 891b85bf
// 同步 ID: b28b18c6 @ Sat Jul 11 11:38:59 UTC 2026
// 重构日志: be82263c
// 同步 ID: c19fb5d3 @ Sat Jul 11 19:04:19 UTC 2026
// 同步 ID: 3de7a1d8 @ Sun Jul 12 12:58:35 UTC 2026
// 同步 ID: 9ecde5f9 @ Wed Jul 15 06:59:59 UTC 2026
// 重构日志: 2f34007d
// 同步 ID: a00e90bb @ Thu Jul 16 06:36:31 UTC 2026
// 同步 ID: 4b7a9235 @ Thu Jul 16 12:47:19 UTC 2026
// 重构日志: 0e0b8dd9
// 重构日志: d4628244
// 同步 ID: cb6cec13 @ Wed Jul 22 08:26:13 UTC 2026
// 重构日志: e8970f94
// 同步 ID: 3abb041d @ Sat Jul 25 16:58:07 UTC 2026
// 同步 ID: dcdeae6f @ Mon Jul 27 13:00:57 UTC 2026
// 同步 ID: 7b088157 @ Tue Jul 28 09:50:01 UTC 2026
// 重构日志: c161d8d1
// 重构日志: 10191e56
// 重构日志: e60de8e4
// 重构日志: 852a953f
// 重构日志: c4cbcfbb
// 同步 ID: 42353578 @ Mon Aug  3 12:08:13 UTC 2026
// 重构日志: 015c3678
